WATFOR-77 V3.1 Copyright WATCOM Systems Inc. 1984,1989  04/12/28 22:23:07

Options: list,disk,extensions,warnings,edit,exe,xtype,terminal,logio,check,arraycheck

      1       program htmler
        C      parameter (pi = 3.141593)
        C      real pi
*EXT* CC-04 character encountered is not FORTRAN 77 standard
      2       integer i,j,nalb,npg,nphot,junk,test1,test2
        C      complex c11
      3       character fname*12,pname1*8,pname2*8,an*2,pn*2,cap1*60,
             $          cap2*60,name*12,st*1,pn2*2
        
      4    1  write(*,*) 'Album Number: '
      5       read(*,*) nalb
      6       if ((nalb.lt.0) .or. (nalb.ge.100)) goto 1
        
      7    2  write(*,*) 'Number of Pages: (1<=pages<=99)'
      8       read(*,*) npg
      9       if ((npg.le.0) .or. (npg.ge.100)) goto 2
        
     10       an = char((nalb-mod(nalb,10))/10+48) //
             $     char(mod(nalb,10)+48)
     11       name = 'album' // an // '.txt'
     12       open(5,file=name,status='old')
        
     13       do 51 i=1,npg
     14         pn = char((i-mod(i,10))/10+48) //
             $       char(mod(i,10)+48)
     15         fname = 'alb' // an // pn // '.htm'
     16         nphot = 2*(i-1)+1
     17         pname1 = 'alb' // char((nalb-mod(nalb,10))/10+48) //
             $           char(mod(nalb,10)+48) // 'p' //
             $           char((nphot-mod(nphot,10))/10+48) //
             $           char(mod(nphot,10)+48)
     18         pname2 = 'alb' // char((nalb-mod(nalb,10))/10+48) //
             $           char(mod(nalb,10)+48) // 'p' //
             $           char((nphot+1-mod(nphot+1,10))/10+48) //
             $           char(mod(nphot+1,10)+48)
        
     19         open(4,file=fname,status='new')
        C       write(*,*) name
     20         write(*,*) fname
        
        C  WRITING HTML FILE FOR ONE PAGE (with TWO PHOTOS on it)
     21         write(4,*) '<html>'
     22         write(4,*) '<head>'
     23         write(4,*) '<title>photoalbum</title>'
     24         write(4,*) '<link rel="stylesheet" type="text/css"',
             $             'href="album.css" />'
     25         write(4,*) '<script src="hotchocolate.js"> </script>'
     26         write(4,*) '</head>'
     27         write(4,*) '<body>'     28         write(4,*) '<table class="album">'
     29         write(4,*) '<tr><td class="photo">'
     30         read(5,*) junk
     31         read(5,*) st
     32         if ((ichar(st)-48).gt.1) then
     33           test1=1
     34         else
     35           test1=0
     36         endif
     37         st = char(mod(ichar(st)-48,2)+48)
     38         write(4,*) '<a href="./' // pname1 // '.htm">',
             $             ' <img class="page' // st // '"',
             $             ' src="./' // pname1 // '.jpg" '
     39         write(4,*) 'name="' // pname1 // '"> </a>'
     40         write(4,*) '</td>'
     41         write(4,*) '<td class="photo">'
     42         read(5,*) cap1
     43         read(5,*) junk
     44         read(5,*) st
     45         if ((ichar(st)-48).gt.1) then
     46           test2=1
     47         else
     48           test2=0
     49         endif
     50         st = char(mod(ichar(st)-48,2)+48)
     51         write(4,*) '<a href="./' // pname2 // '.htm">',
             $             ' <img class="page' // st // '"',
             $             ' src="./' // pname2 // '.jpg" '
     52         write(4,*) 'name="' // pname2 // '"> </a>'
     53         write(4,*) '</td></tr>'
     54         write(4,*) '<tr><td class="caption">'
     55         if (test1 .eq. 1) then
     56           write(4,*) '<div id="beej" onMouseOver="back(''' // pname1 //
             $               ''')" onMouseOut="front(''' // pname1 //
             $               ''')">'
     57         else
     58           write(4,*) '<div id="beej" >'
     59         endif
     60         write(4,*) cap1
     61         write(4,*) '</div>'
     62         write(4,*) '</td>'
     63         write(4,*) '<td class="caption">'
     64         read(5,*) cap2
     65         if (test2 .eq. 1) then
     66           write(4,*) '<div id="beej" onMouseOver="back(''' // pname2 //
             $               ''')" onMouseOut="front(''' // pname2 //
             $               ''')">'
     67         else
     68           write(4,*) '<div id="beej" >'
     69         endif
     70         write(4,*) cap2
     71         write(4,*) '</div>'
     72         write(4,*) '</td></tr>'
     73         write(4,*) '</table>'     74         write(4,*) '<br>'
     75         write(4,*) '<table class="nav">'
     76         write(4,*) '<tr><td class="left">'
     77         if (i.eq.1) then
     78           write(4,*) '<a class="bj" href="./index.html">',
             $               ' <h1> Cover </h1> </a>'
     79         else
     80           pn = char((i-1-mod(i-1,10))/10+48) //
             $         char(mod(i-1,10)+48)
     81           write(4,*) '<a class="bj" href="./alb' // an //
             $               pn // '.htm">',
             $               ' <h1> Previous Page </h1> </a>'
     82         endif
     83         write(4,*) '</td>'
     84         write(4,*) '<td class="center">'
     85         do 21 j=1,int(npg/5)
     86           pn2 = char((5*j-mod(5*j,10))/10+48) //
             $          char(mod(5*j,10)+48)
     87             write(4,*) '<a class="bj2" href="./alb' // an //
             $                 pn2 // '.htm"> '
             $                 // pn2 // ' </a>'
     88  21     continue
     89         write(4,*) '</td>'
     90         write(4,*) '<td class="right">'
     91         if (i.eq.npg) then
     92           write(4,*) '<a class="bj" href="./index.html">',
             $               ' <h1> Cover </h1> </a>'
     93         else
     94           pn = char((i+1-mod(i+1,10))/10+48) //
             $         char(mod(i+1,10)+48)
     95           write(4,*) '<a class="bj" href="./alb' // an //
             $               pn // '.htm">',
             $               ' <h1> Next Page </h1> </a>'
     96         endif
     97         write(4,*) '</td></tr>'
     98         write(4,*) '</table>'
     99         write(4,*) '</body>'
    100         write(4,*) '</html>'
    101         close(4)
        
        C  WRITE FIRST PHOTO SOLO PAGE
    102         fname=pname1 // '.htm'
    103         open(4,file=fname,status='new')
    104         write(4,*) '<html>'
    105         write(4,*) '<head>'
    106         write(4,*) '<title>photo album</title>'
    107         write(4,*) '<link rel="stylesheet" type="text/css"',
             $             'href="album.css" media="all" />'
    108         write(4,*) '<link rel="stylesheet" type="text/css"',
             $             'href="print.css" media="print" />'
    109         write(4,*) '<script src="hotchocolate.js"> </script>'
    110         write(4,*) '</head>'
    111         write(4,*) '<body>'
    112         write(4,*) '<img class="solo" src="./' // pname1 // '.jpg"',             $             ' name="' // pname1 // '">'
    113         write(4,*) '<br>'
    114         if (test1 .eq. 1) then
    115           write(4,*) '<div id="bee" onMouseOver="back(''' // pname1 //
             $               ''')" onMouseOut="front(''' // pname1 //
             $               ''')" '
    116           write(4,*) 'onclick="tog()"> '
    117         else
    118           write(4,*) '<div id="bee" >'
    119         endif
    120         write(4,*) cap1
    121         write(4,*) '</div>'
    122         write(4,*) '</body>'
    123         write(4,*) '</html>'
    124         close(4)
        
        C  WRITE SECOND PHOTO SOLO PAGE
    125         fname=pname2 // '.htm'
    126         open(4,file=fname,status='new')
    127         write(4,*) '<html>'
    128         write(4,*) '<head>'
    129         write(4,*) '<title>photo album</title>'
    130         write(4,*) '<link rel="stylesheet" type="text/css"',
             $             'href="album.css" media="all" />'
    131         write(4,*) '<link rel="stylesheet" type="text/css"',
             $             'href="print.css" media="print" />'
    132         write(4,*) '<script src="hotchocolate.js"> </script>'
    133         write(4,*) '</head>'
    134         write(4,*) '<body>'
    135         write(4,*) '<img class="solo" src="./' // pname2 // '.jpg"',
             $             ' name="' // pname2 // '">'
    136         write(4,*) '<br>'
    137         if (test2 .eq. 1) then
    138           write(4,*) '<div id="bee" onMouseOver="back(''' // pname2 //
             $               ''')" onMouseOut="front(''' // pname2 //
             $               ''')" '
    139           write(4,*) 'onclick="tog()" >'
    140         else
    141           write(4,*) '<div id="bee" >'
    142         endif
    143         write(4,*) cap2
    144         write(4,*) '</div>'
    145         write(4,*) '</body>'
    146         write(4,*) '</html>'
    147         close(4)
    148  51   continue
    149       close(5)
        
    150       end


Compile time:                      00.05  Execution time:              00.00
Size of object code:                4994  Number of extensions:            1Size of local data area(s):         2563  Number of warnings:              0
Size of global data area:            167  Number of errors:                0
Object/Dynamic bytes free:  342784/45974  Statements Executed:             0
